---
source: crates/core/src/html/tables.rs
expression: out
---
<?xml version="1.0" encoding="UTF-8"?>
<!DOCTYPE html>
<html xmlns="http://www.w3.org/1999/xhtml"><head><title>T</title></head><body><p class="et-table-cell"><strong>A:</strong> 1</p><p class="et-table-cell"><strong>B:</strong> 2</p></body></html>
